========================================================================
GAUSSIAN SHIFT STATISTICAL ANALYSIS
========================================================================

Noise levels:
[0.    0.01  0.025 0.05  0.1   0.2   0.3  ]

NN distances:
[0.1337229  0.13630277 0.14852154 0.18200621 0.27812252 0.50524795
 0.752497  ]

Policy action changes:
[0.         0.00512936 0.01245488 0.02502834 0.04832346 0.09029831
 0.12548673]

Explanation disagreement:
[0.02058644 0.02073419 0.02243634 0.02770752 0.04128276 0.07107074
 0.10048836]

========================================================================
PRIMARY RESULT
========================================================================
Pearson r: 0.9993875927357188
Pearson p: 1.7820183748763496e-08
Spearman rho: 1.0
Spearman p: 0.0
Regression slope: 0.13024667937759252
R²: 0.9987755605140949
Regression p: 1.7820183748763525e-08

Saved: results/analysis/iql_100k_gaussian_shift_analysis.json
