================================================================================
CROSS-SEED RANDOM-REFERENCE CONTROL ANALYSIS
================================================================================

Seed 0
  NN noise slope: 0.2738315579734438
  Random noise slope: 0.03024848066955342
  Difference noise slope: -0.2435830773038904

Seed 1
  NN noise slope: 0.2831869162146071
  Random noise slope: 0.034626692027012504
  Difference noise slope: -0.24856022418759405

Seed 2
  NN noise slope: 0.30701945949913645
  Random noise slope: 0.043411705934455216
  Difference noise slope: -0.2636077535646813

Seed 3
  NN noise slope: 0.26688848438319523
  Random noise slope: 0.038456852661301284
  Difference noise slope: -0.22843163172189396

Seed 4
  NN noise slope: 0.25312079636621
  Random noise slope: 0.0382729435472099
  Difference noise slope: -0.21484785281899973

================================================================================
CROSS-SEED CONTROL RESULT
================================================================================
NN mean noise slope: 0.27680944288731846
NN 95% CI: (0.2518078479320779, 0.301811037842559)
Random mean noise slope: 0.03700333496790646
Random 95% CI: (0.030918284203305453, 0.04308838573250747)
Random - NN slope difference: -0.23980610791941204
Difference 95% CI: (-0.26311594449503173, -0.21649627134379235)
Exact one-sided sign-flip p: 1.0
Exact two-sided sign-flip p: 0.0625

Saved: results/analysis/iql_100k_multiseed_random_reference_control.json
================================================================================
