================================================================================
NEAREST-NEIGHBOR VS UNIFORM-RANDOM REFERENCE CONTROL
================================================================================

Noise = 0.000
  NN mean: 0.02058644416514941
  Random mean: 0.20292084968828203
  Random - NN: 0.18233440552313263
  Paired Wilcoxon p: 1.6629295594672565e-165

Noise = 0.010
  NN mean: 0.02073418896573402
  Random mean: 0.2028626291314314
  Random - NN: 0.18212844016569738
  Paired Wilcoxon p: 1.6629295594672565e-165

Noise = 0.025
  NN mean: 0.022436343189278448
  Random mean: 0.20288471359262372
  Random - NN: 0.18044837040334527
  Paired Wilcoxon p: 1.6629295594672565e-165

Noise = 0.050
  NN mean: 0.027707519625083037
  Random mean: 0.2029708467398178
  Random - NN: 0.17526332711473475
  Paired Wilcoxon p: 1.6629295594672565e-165

Noise = 0.100
  NN mean: 0.04128276392791555
  Random mean: 0.20352988538954409
  Random - NN: 0.16224712146162856
  Paired Wilcoxon p: 1.6629295594672565e-165

Noise = 0.200
  NN mean: 0.07107074015263547
  Random mean: 0.20483322054135913
  Random - NN: 0.1337624803887237
  Paired Wilcoxon p: 9.30020669113668e-165

Noise = 0.300
  NN mean: 0.10048836420146415
  Random mean: 0.21332301253679986
  Random - NN: 0.11283464833533574
  Paired Wilcoxon p: 1.099864900920272e-164

================================================================================
RANDOM-REFERENCE CONTROL ANALYSIS COMPLETE
================================================================================
Saved: results/analysis/iql_seed0_random_reference_control.json
================================================================================
