Gym has been unmaintained since 2022 and does not support NumPy 2.0 amongst other critical functionality.
Please upgrade to Gymnasium, the maintained drop-in replacement of Gym, or contact the authors of your software and request that they upgrade.
Users of this version of Gym should be able to simply replace 'import gym' with 'import gymnasium as gym' in the vast majority of cases.
See the migration guide at https://gymnasium.farama.org/introduction/migration_guide/ for additional information.
==============================================================================
RANDOM-REFERENCE CONTROL EXPERIMENT
==============================================================================
Task              : mujoco/hopper/medium-v0
Checkpoint        : checkpoints/iql_100k/iql_mujoco_hopper_medium-v0_seed0.d3
Seed              : 0
Queries            : 1000
Noise repeats      : 5
Noise levels       : [0.0, 0.01, 0.025, 0.05, 0.1, 0.2, 0.3]
Reference fraction : 0.9
==============================================================================

[1/8] Loading frozen IQL policy...
[OK] Policy: IQL

[2/8] Loading offline dataset...
[2m2026-08-25 17:06.54[0m [[32m[1minfo     [0m] [1mSignatures have been automatically determined.[0m [36maction_signature[0m=[35mSignature(dtype=[dtype('float32')], shape=[(3,)])[0m [36mobservation_signature[0m=[35mSignature(dtype=[dtype('float64')], shape=[(11,)])[0m [36mreward_signature[0m=[35mSignature(dtype=[dtype('float64')], shape=[(1,)])[0m
[2m2026-08-25 17:06.54[0m [[32m[1minfo     [0m] [1mAction-space has been automatically determined.[0m [36maction_space[0m=[35m<ActionSpace.CONTINUOUS: 1>[0m
[2m2026-08-25 17:06.54[0m [[32m[1minfo     [0m] [1mAction size has been automatically determined.[0m [36maction_size[0m=[35m3[0m
[OK] Episodes: 1327

[3/8] Creating episode-level split...
[OK] Reference episodes: 1194
[OK] Query episodes: 133
[OK] Reference observations: 902059
[OK] Query observations: 1000

[4/8] Standardizing observations...
[OK] Reference standardization fitted

[5/8] Creating deterministic random-reference assignments...
[OK] Random references assigned

[6/8] Computing clean random-reference baseline...
[OK] Mean nearest-neighbor distance: 0.13372289653488845
[OK] Mean random-reference disagreement: 0.20292084968828203

[7/8] Running controlled Gaussian shifts...

Noise level = 0.0000
  NN distance: 0.13372289653488842
  Policy action change: 0.0
  Random-reference disagreement: 0.20292084968828203

Noise level = 0.0100
  NN distance: 0.13630277140573102
  Policy action change: 0.005129362744247809
  Random-reference disagreement: 0.2028626291314314

Noise level = 0.0250
  NN distance: 0.14852154080726512
  Policy action change: 0.01245488410682837
  Random-reference disagreement: 0.20288471359262372

Noise level = 0.0500
  NN distance: 0.18200620584705277
  Policy action change: 0.025028339477198517
  Random-reference disagreement: 0.2029708467398178

Noise level = 0.1000
  NN distance: 0.27812252031660245
  Policy action change: 0.04832346107658985
  Random-reference disagreement: 0.20352988538954409

Noise level = 0.2000
  NN distance: 0.5052479456392923
  Policy action change: 0.09029831177205173
  Random-reference disagreement: 0.20483322054135916

Noise level = 0.3000
  NN distance: 0.7524970012321517
  Policy action change: 0.1254867281562635
  Random-reference disagreement: 0.2133230125367999

[8/8] Saving random-reference control...

==============================================================================
RANDOM-REFERENCE CONTROL COMPLETE
==============================================================================
Saved: results/shifts/random_reference/iql_seed0_random_reference.json
==============================================================================
