Gym has been unmaintained since 2022 and does not support NumPy 2.0 amongst other critical functionality.
Please upgrade to Gymnasium, the maintained drop-in replacement of Gym, or contact the authors of your software and request that they upgrade.
Users of this version of Gym should be able to simply replace 'import gym' with 'import gymnasium as gym' in the vast majority of cases.
See the migration guide at https://gymnasium.farama.org/introduction/migration_guide/ for additional information.
==============================================================================
RANDOM-REFERENCE CONTROL EXPERIMENT
==============================================================================
Task              : mujoco/hopper/medium-v0
Checkpoint        : checkpoints/iql_replications/iql_seed1/iql_mujoco_hopper_medium-v0_seed1.d3
Seed              : 1
Queries            : 1000
Noise repeats      : 5
Noise levels       : [0.0, 0.01, 0.025, 0.05, 0.1, 0.2, 0.3]
Reference fraction : 0.9
==============================================================================

[1/8] Loading frozen IQL policy...
[OK] Policy: IQL

[2/8] Loading offline dataset...
[2m2026-08-25 17:39.59[0m [[32m[1minfo     [0m] [1mSignatures have been automatically determined.[0m [36maction_signature[0m=[35mSignature(dtype=[dtype('float32')], shape=[(3,)])[0m [36mobservation_signature[0m=[35mSignature(dtype=[dtype('float64')], shape=[(11,)])[0m [36mreward_signature[0m=[35mSignature(dtype=[dtype('float64')], shape=[(1,)])[0m
[2m2026-08-25 17:39.59[0m [[32m[1minfo     [0m] [1mAction-space has been automatically determined.[0m [36maction_space[0m=[35m<ActionSpace.CONTINUOUS: 1>[0m
[2m2026-08-25 17:39.59[0m [[32m[1minfo     [0m] [1mAction size has been automatically determined.[0m [36maction_size[0m=[35m3[0m
[OK] Episodes: 1327

[3/8] Creating episode-level split...
[OK] Reference episodes: 1194
[OK] Query episodes: 133
[OK] Reference observations: 902465
[OK] Query observations: 1000

[4/8] Standardizing observations...
[OK] Reference standardization fitted

[5/8] Creating deterministic random-reference assignments...
[OK] Random references assigned

[6/8] Computing clean random-reference baseline...
[OK] Mean nearest-neighbor distance: 0.1321893468299732
[OK] Mean random-reference disagreement: 0.21361563642593737

[7/8] Running controlled Gaussian shifts...

Noise level = 0.0000
  NN distance: 0.13218934682997316
  Policy action change: 0.0
  Random-reference disagreement: 0.21361563642593737

Noise level = 0.0100
  NN distance: 0.1347458011730627
  Policy action change: 0.005235514492694678
  Random-reference disagreement: 0.21367271057938425

Noise level = 0.0250
  NN distance: 0.1475793128484681
  Policy action change: 0.013003369186907707
  Random-reference disagreement: 0.2137219964762573

Noise level = 0.0500
  NN distance: 0.18252707825154188
  Policy action change: 0.02587589218181075
  Random-reference disagreement: 0.21358489878893447

Noise level = 0.1000
  NN distance: 0.27763068291012105
  Policy action change: 0.050284673076268806
  Random-reference disagreement: 0.21376122364823913

Noise level = 0.2000
  NN distance: 0.5033068004136223
  Policy action change: 0.09353501526953995
  Random-reference disagreement: 0.2194674360725298

Noise level = 0.3000
  NN distance: 0.7410004136253765
  Policy action change: 0.12989824688715504
  Random-reference disagreement: 0.22376473378183565

[8/8] Saving random-reference control...

==============================================================================
RANDOM-REFERENCE CONTROL COMPLETE
==============================================================================
Saved: results/shifts/random_reference/iql_seed1_random_reference.json
==============================================================================
