Gym has been unmaintained since 2022 and does not support NumPy 2.0 amongst other critical functionality.
Please upgrade to Gymnasium, the maintained drop-in replacement of Gym, or contact the authors of your software and request that they upgrade.
Users of this version of Gym should be able to simply replace 'import gym' with 'import gymnasium as gym' in the vast majority of cases.
See the migration guide at https://gymnasium.farama.org/introduction/migration_guide/ for additional information.
==============================================================================
RANDOM-REFERENCE CONTROL EXPERIMENT
==============================================================================
Task              : mujoco/hopper/medium-v0
Checkpoint        : checkpoints/iql_replications/iql_seed3/iql_mujoco_hopper_medium-v0_seed3.d3
Seed              : 3
Queries            : 1000
Noise repeats      : 5
Noise levels       : [0.0, 0.01, 0.025, 0.05, 0.1, 0.2, 0.3]
Reference fraction : 0.9
==============================================================================

[1/8] Loading frozen IQL policy...
[OK] Policy: IQL

[2/8] Loading offline dataset...
[2m2026-08-25 18:08.38[0m [[32m[1minfo     [0m] [1mSignatures have been automatically determined.[0m [36maction_signature[0m=[35mSignature(dtype=[dtype('float32')], shape=[(3,)])[0m [36mobservation_signature[0m=[35mSignature(dtype=[dtype('float64')], shape=[(11,)])[0m [36mreward_signature[0m=[35mSignature(dtype=[dtype('float64')], shape=[(1,)])[0m
[2m2026-08-25 18:08.38[0m [[32m[1minfo     [0m] [1mAction-space has been automatically determined.[0m [36maction_space[0m=[35m<ActionSpace.CONTINUOUS: 1>[0m
[2m2026-08-25 18:08.38[0m [[32m[1minfo     [0m] [1mAction size has been automatically determined.[0m [36maction_size[0m=[35m3[0m
[OK] Episodes: 1327

[3/8] Creating episode-level split...
[OK] Reference episodes: 1194
[OK] Query episodes: 133
[OK] Reference observations: 896442
[OK] Query observations: 1000

[4/8] Standardizing observations...
[OK] Reference standardization fitted

[5/8] Creating deterministic random-reference assignments...
[OK] Random references assigned

[6/8] Computing clean random-reference baseline...
[OK] Mean nearest-neighbor distance: 0.13978267619424037
[OK] Mean random-reference disagreement: 0.20268181535051458

[7/8] Running controlled Gaussian shifts...

Noise level = 0.0000
  NN distance: 0.13978267619424037
  Policy action change: 0.0
  Random-reference disagreement: 0.20268181535051458

Noise level = 0.0100
  NN distance: 0.14237749246162767
  Policy action change: 0.005122940775934043
  Random-reference disagreement: 0.2026836116335784

Noise level = 0.0250
  NN distance: 0.15341833183244444
  Policy action change: 0.012576443865330205
  Random-reference disagreement: 0.2026862462898936

Noise level = 0.0500
  NN distance: 0.18860381371443483
  Policy action change: 0.025384257233077297
  Random-reference disagreement: 0.2030784055907974

Noise level = 0.1000
  NN distance: 0.280075085178937
  Policy action change: 0.04860309471458274
  Random-reference disagreement: 0.2036172435295934

Noise level = 0.2000
  NN distance: 0.5062876045452833
  Policy action change: 0.08972324313940654
  Random-reference disagreement: 0.20839394405632083

Noise level = 0.3000
  NN distance: 0.7444064922644416
  Policy action change: 0.12403976130251781
  Random-reference disagreement: 0.21437720838459903

[8/8] Saving random-reference control...

==============================================================================
RANDOM-REFERENCE CONTROL COMPLETE
==============================================================================
Saved: results/shifts/random_reference/iql_seed3_random_reference.json
==============================================================================
