Gym has been unmaintained since 2022 and does not support NumPy 2.0 amongst other critical functionality.
Please upgrade to Gymnasium, the maintained drop-in replacement of Gym, or contact the authors of your software and request that they upgrade.
Users of this version of Gym should be able to simply replace 'import gym' with 'import gymnasium as gym' in the vast majority of cases.
See the migration guide at https://gymnasium.farama.org/introduction/migration_guide/ for additional information.
============================================================================
RESEARCH-GRADE GAUSSIAN OBSERVATION-SHIFT EXPERIMENT
============================================================================
Task              : mujoco/hopper/medium-v0
Checkpoint        : checkpoints/iql_replications/iql_seed1/iql_mujoco_hopper_medium-v0_seed1.d3
Seed              : 1
Queries            : 1000
Noise repeats      : 5
Noise levels       : [0.0, 0.01, 0.025, 0.05, 0.1, 0.2, 0.3]
Reference fraction : 0.9
============================================================================

[1/7] Loading frozen IQL policy...
[OK] Policy: IQL

[2/7] Loading offline dataset...
[2m2026-08-24 23:42.49[0m [[32m[1minfo     [0m] [1mSignatures have been automatically determined.[0m [36maction_signature[0m=[35mSignature(dtype=[dtype('float32')], shape=[(3,)])[0m [36mobservation_signature[0m=[35mSignature(dtype=[dtype('float64')], shape=[(11,)])[0m [36mreward_signature[0m=[35mSignature(dtype=[dtype('float64')], shape=[(1,)])[0m
[2m2026-08-24 23:42.49[0m [[32m[1minfo     [0m] [1mAction-space has been automatically determined.[0m [36maction_space[0m=[35m<ActionSpace.CONTINUOUS: 1>[0m
[2m2026-08-24 23:42.49[0m [[32m[1minfo     [0m] [1mAction size has been automatically determined.[0m [36maction_size[0m=[35m3[0m
[OK] Episodes: 1327

[3/7] Creating episode-level split...
[OK] Reference episodes: 1194
[OK] Query episodes: 133
[OK] Reference observations: 902465
[OK] Query observations: 1000

[4/7] Standardizing observations...
[OK] Feature standard deviations:
[0.16268511 0.06249683 0.20970395 0.29005519 0.61164552 0.83003795
 1.43475949 1.15130426 2.30165168 3.37077259 6.10771305]

Building nearest-neighbor index...
[OK] Nearest-neighbor index built

[5/7] Computing clean baseline...
[OK] Clean mean NN distance: 0.1321893468299732
[OK] Clean mean action disagreement: 0.020962743167555906

[6/7] Running controlled Gaussian shifts...

Noise level = 0.0000
  NN distance: 0.13218934682997316
  Policy action change: 0.0
  Explanation disagreement: 0.02096274316755591

Noise level = 0.0100
  NN distance: 0.1347458011730627
  Policy action change: 0.005235514492694678
  Explanation disagreement: 0.021357963601993588

Noise level = 0.0250
  NN distance: 0.1475793128484681
  Policy action change: 0.013003369186907707
  Explanation disagreement: 0.02344475794472745

Noise level = 0.0500
  NN distance: 0.18252707825154188
  Policy action change: 0.02587589218181075
  Explanation disagreement: 0.028844621343492492

Noise level = 0.1000
  NN distance: 0.27763068291012105
  Policy action change: 0.050284673076268806
  Explanation disagreement: 0.04327325155615062

Noise level = 0.2000
  NN distance: 0.5033068004136223
  Policy action change: 0.09353501526953995
  Explanation disagreement: 0.07478956251372813

Noise level = 0.3000
  NN distance: 0.7410004136253765
  Policy action change: 0.12989824688715504
  Explanation disagreement: 0.10320035843059058

[7/7] Saving experiment results...

============================================================================
RESEARCH-GRADE SHIFT EXPERIMENT COMPLETE
============================================================================
Saved: results/shifts/multiseed/iql_seed1_gaussian_observation_noise.json
============================================================================
